I'm sorry, but errors were detected in your script. Please correct the
errors listed below, and try again.


File "game/script.rpy", line 268: unexpected EOF while parsing
    pancakes = True\
                                                   ^

Ren'Py Version: Ren'Py 8.5.0.25111603
Sat Mar 28 18:40:07 2026
